0/1
0/1
0/1
0/1
0/1
0/1
0/1
0/1
0/1
0/1
1/1
1/4
1/9
1/16
1/25
1/36
1/49
1/64
1/81
1/100
1/1
1/1
11/27
7/32
17/125
5/54
23/343
13/256
29/729
4/125
1/1
1/1
1/1
131/256
193/625
89/432
353/2401
451/4096
187/2187
683/10000
1/1
1/1
1/1
1/1
1829/3125
1487/3888
4519/16807
1631/8192
9049/59049
6077/50000
1/1
1/1
1/1
1/1
1/1
29849/46656
52113/117649
84997/262144
131441/531441
38949/200000
1/1
1/1
1/1
1/1
1/1
1/1
561399/823543
517135/1048576
594323/1594323
728439/2500000
1/1
1/1
1/1
1/1
1/1
1/1
1/1
11994247/16777216
23046721/43046721
41538487/100000000
1/1
1/1
1/1
1/1
1/1
1/1
1/1
1/1
287420489/387420489
285641119/500000000
1/1
1/1
1/1
1/1
1/1
1/1
1/1
1/1
1/1
